
> @colibri/identity-widget@4.3.0 test:e2e
> playwright test


Running 179 tests using 4 workers

  Γ£ô    3 [chromium] ΓÇ║ e2e\additional-flows.spec.ts:108:3 ΓÇ║ Auth Widget ΓÇö Reset Password Success Screen ΓÇ║ shows 'Resend link' button on the success screen (3.5s)
  Γ£ô    4 [chromium] ΓÇ║ e2e\additional-flows.spec.ts:77:3 ΓÇ║ Auth Widget ΓÇö Reset Password Success Screen ΓÇ║ shows 'Check your email' heading after successful reset link request (2.5s)
  Γ£ô    1 [chromium] ΓÇ║ e2e\additional-flows.spec.ts:126:3 ΓÇ║ Auth Widget ΓÇö Reset Password Success Screen ΓÇ║ shows 'Back to sign in' button on the success screen (6.5s)
  Γ£ô    2 [chromium] ΓÇ║ e2e\additional-flows.spec.ts:92:3 ΓÇ║ Auth Widget ΓÇö Reset Password Success Screen ΓÇ║ shows the submitted email address on the success screen (7.4s)
  Γ£ô    7 [chromium] ΓÇ║ e2e\additional-flows.spec.ts:208:3 ΓÇ║ Auth Widget ΓÇö Reset Password Success Screen ΓÇ║ cooldown message appears after a successful resend (5.5s)
  Γ£ô    5 [chromium] ΓÇ║ e2e\additional-flows.spec.ts:142:3 ΓÇ║ Auth Widget ΓÇö Reset Password Success Screen ΓÇ║ clicking 'Back to sign in' on success screen returns to login form (17.4s)
  Γ£ô    6 [chromium] ΓÇ║ e2e\additional-flows.spec.ts:160:3 ΓÇ║ Auth Widget ΓÇö Reset Password Success Screen ΓÇ║ resend link button can be clicked and triggers a loading state (17.9s)
  Γ£ô    8 [chromium] ΓÇ║ e2e\additional-flows.spec.ts:254:3 ΓÇ║ Auth Widget ΓÇö Session Persistence ΓÇ║ localStorage tokens persist across a page reload (15.0s)
  Γ£ô   10 [chromium] ΓÇ║ e2e\additional-flows.spec.ts:277:3 ΓÇ║ Auth Widget ΓÇö Session Persistence ΓÇ║ login form is shown when localStorage has no auth data on load (4.6s)
  Γ£ô   12 [chromium] ΓÇ║ e2e\additional-flows.spec.ts:328:3 ΓÇ║ Auth Widget ΓÇö Logout Flow ΓÇ║ login form is shown again after clearing auth tokens and reloading (3.8s)
  Γ£ô    9 [chromium] ΓÇ║ e2e\additional-flows.spec.ts:269:3 ΓÇ║ Auth Widget ΓÇö Session Persistence ΓÇ║ refresh_token is present in localStorage after successful login (15.9s)
  Γ£ô   11 [chromium] ΓÇ║ e2e\additional-flows.spec.ts:293:3 ΓÇ║ Auth Widget ΓÇö Session Persistence ΓÇ║ manually seeded access_token in localStorage is readable after reload (8.0s)
  Γ£ô   13 [chromium] ΓÇ║ e2e\additional-flows.spec.ts:353:3 ΓÇ║ Auth Widget ΓÇö Logout Flow ΓÇ║ access_token is absent from localStorage after logout simulation (12.2s)
  Γ£ô   15 [chromium] ΓÇ║ e2e\additional-flows.spec.ts:385:3 ΓÇ║ Auth Widget ΓÇö Logout Flow ΓÇ║ mocked logout API responds with 200 and confirms session teardown (11.1s)
  Γ£ô   14 [chromium] ΓÇ║ e2e\additional-flows.spec.ts:371:3 ΓÇ║ Auth Widget ΓÇö Logout Flow ΓÇ║ refresh_token is absent from localStorage after logout simulation (14.8s)
  Γ£ô   18 [chromium] ΓÇ║ e2e\additional-flows.spec.ts:421:3 ΓÇ║ Auth Widget ΓÇö Help Center ΓÇ║ help center shows contact or support content (3.5s)
  Γ£ô   16 [chromium] ΓÇ║ e2e\additional-flows.spec.ts:404:3 ΓÇ║ Auth Widget ΓÇö Help Center ΓÇ║ opens help center when clicking the help center button (14.8s)
  Γ£ô   21 [chromium] ΓÇ║ e2e\additional-flows.spec.ts:461:3 ΓÇ║ Auth Widget ΓÇö Help Center ΓÇ║ back button in help center has a visible and accessible label (2.4s)
  Γ£ô   19 [chromium] ΓÇ║ e2e\additional-flows.spec.ts:431:3 ΓÇ║ Auth Widget ΓÇö Help Center ΓÇ║ help center close button dismisses the panel (no-op in TEST mode, form stays visible) (6.7s)
  Γ£ô   23 [chromium] ΓÇ║ e2e\brand-config.spec.ts:136:3 ΓÇ║ Brand Configuration Error ΓÇö Login Form ΓÇ║ shows 'having trouble' title in the brand error banner (2.9s)
  Γ£ô   17 [chromium] ΓÇ║ e2e\additional-flows.spec.ts:410:3 ΓÇ║ Auth Widget ΓÇö Help Center ΓÇ║ help center back button returns to the login form (11.9s)
  Γ£ô   20 [chromium] ΓÇ║ e2e\additional-flows.spec.ts:449:3 ΓÇ║ Auth Widget ΓÇö Help Center ΓÇ║ Escape key from help center is handled without crashing the widget (8.4s)
  Γ£ô   24 [chromium] ΓÇ║ e2e\brand-config.spec.ts:144:3 ΓÇ║ Brand Configuration Error ΓÇö Login Form ΓÇ║ submit button is disabled when brand config error (1.6s)
  Γ£ô   25 [chromium] ΓÇ║ e2e\brand-config.spec.ts:153:3 ΓÇ║ Brand Configuration Error ΓÇö Login Form ΓÇ║ Create an Account button stays enabled when brand config error (1.7s)
  Γ£ô   26 [chromium] ΓÇ║ e2e\brand-config.spec.ts:159:3 ΓÇ║ Brand Configuration Error ΓÇö Login Form ΓÇ║ no check-email API call is made when brand config error and email is typed (2.3s)
  Γ£ô   27 [chromium] ΓÇ║ e2e\brand-config.spec.ts:172:3 ΓÇ║ Brand Configuration Error ΓÇö Login Form ΓÇ║ no brand error banner shown when brand_data is correctly set (2.5s)
  Γ£ô   22 [chromium] ΓÇ║ e2e\brand-config.spec.ts:128:3 ΓÇ║ Brand Configuration Error ΓÇö Login Form ΓÇ║ shows brand error banner when brand_data is not set in localStorage (7.9s)
  Γ£ô   31 [chromium] ΓÇ║ e2e\brand-config.spec.ts:248:3 ΓÇ║ Brand Configuration Error ΓÇö Registration Form ΓÇ║ no check-email call in registration when brand config error (1.9s)
  Γ£ô   28 [chromium] ΓÇ║ e2e\brand-config.spec.ts:181:3 ΓÇ║ Brand Configuration Error ΓÇö Login Form ΓÇ║ submit button is enabled when brand is configured and email is entered (4.7s)
  Γ£ô   29 [chromium] ΓÇ║ e2e\brand-config.spec.ts:222:3 ΓÇ║ Brand Configuration Error ΓÇö Registration Form ΓÇ║ shows brand error banner in registration when no brand_data is set (4.3s)
  Γ£ô   34 [chromium] ΓÇ║ e2e\brand-config.spec.ts:307:3 ΓÇ║ Brand Configuration Error ΓÇö Reset Password Form ΓÇ║ Send reset link button is disabled when no brand_data (login forgot link blocked after brand error) (1.2s)
  Γ£ô   35 [chromium] ΓÇ║ e2e\brand-config.spec.ts:318:3 ΓÇ║ Brand Configuration Error ΓÇö Reset Password Form ΓÇ║ no check-email API call in reset form when brand config error (2.2s)
  Γ£ô   30 [chromium] ΓÇ║ e2e\brand-config.spec.ts:237:3 ΓÇ║ Brand Configuration Error ΓÇö Registration Form ΓÇ║ registration submit button is disabled when no brand_data (7.1s)
  Γ£ô   37 [chromium] ΓÇ║ e2e\cross-form-navigation.spec.ts:69:3 ΓÇ║ Cross-Form Navigation ΓÇö Login Γåö Reset Password ΓÇ║ navigating back from reset password returns to login form (1.0s)
  Γ£ô   33 [chromium] ΓÇ║ e2e\brand-config.spec.ts:294:3 ΓÇ║ Brand Configuration Error ΓÇö Reset Password Form ΓÇ║ Send reset link button is disabled when on reset page and brand config error (7.1s)
  Γ£ô   32 [chromium] ΓÇ║ e2e\brand-config.spec.ts:283:3 ΓÇ║ Brand Configuration Error ΓÇö Reset Password Form ΓÇ║ shows brand error banner in reset password when no brand_data is set (fresh load) (10.0s)
  Γ£ô   40 [chromium] ΓÇ║ e2e\cross-form-navigation.spec.ts:104:3 ΓÇ║ Cross-Form Navigation ΓÇö Login Γåö Forgot Username ΓÇ║ navigating back from forgot username returns to login form (767ms)
  Γ£ô   41 [chromium] ΓÇ║ e2e\cross-form-navigation.spec.ts:116:3 ΓÇ║ Cross-Form Navigation ΓÇö Login Γåö Create Account ΓÇ║ navigates to create account form from login (713ms)
  Γ£ô   38 [chromium] ΓÇ║ e2e\cross-form-navigation.spec.ts:75:3 ΓÇ║ Cross-Form Navigation ΓÇö Login Γåö Reset Password ΓÇ║ login form inputs are still functional after returning from reset password (6.8s)
  Γ£ô   39 [chromium] ΓÇ║ e2e\cross-form-navigation.spec.ts:93:3 ΓÇ║ Cross-Form Navigation ΓÇö Login Γåö Forgot Username ΓÇ║ email is pre-filled in forgot username form from login form (6.6s)
  Γ£ô   36 [chromium] ΓÇ║ e2e\cross-form-navigation.spec.ts:58:3 ΓÇ║ Cross-Form Navigation ΓÇö Login Γåö Reset Password ΓÇ║ email is pre-filled in reset password form from login form (11.3s)
  Γ£ô   42 [chromium] ΓÇ║ e2e\cross-form-navigation.spec.ts:123:3 ΓÇ║ Cross-Form Navigation ΓÇö Login Γåö Create Account ΓÇ║ navigates back to login from create account via sign in button (5.3s)
  Γ£ô   43 [chromium] ΓÇ║ e2e\cross-form-navigation.spec.ts:133:3 ΓÇ║ Cross-Form Navigation ΓÇö Login Γåö Create Account ΓÇ║ email typed in login carries over to create account form (4.2s)
  Γ£ô   44 [chromium] ΓÇ║ e2e\cross-form-navigation.spec.ts:148:3 ΓÇ║ Cross-Form Navigation ΓÇö Login Γåö Create Account ΓÇ║ login form is usable again after returning from create account (5.1s)
  Γ£ô   46 [chromium] ΓÇ║ e2e\cross-form-navigation.spec.ts:189:3 ΓÇ║ Cross-Form Navigation ΓÇö Forgot Username ΓåÆ Create Account ΓÇ║ navigates from forgot username to create account via email-not-found banner (2.3s)
  Γ£ô   45 [chromium] ΓÇ║ e2e\cross-form-navigation.spec.ts:168:3 ΓÇ║ Cross-Form Navigation ΓÇö Reset Password ΓåÆ Create Account ΓÇ║ navigates from reset password to create account via email-not-found banner (4.1s)
  Γ£ô   50 [chromium] ΓÇ║ e2e\forgot-username.spec.ts:91:5 ΓÇ║ Auth Widget ΓÇö Forgot Username ΓÇ║ Rendering ΓÇ║ navigates to forgot username form when clicking Username? link (1.0s)
  Γ£ô   49 [chromium] ΓÇ║ e2e\cross-form-navigation.spec.ts:251:3 ΓÇ║ Cross-Form Navigation ΓÇö Multi-step Sequences ΓÇ║ rapid form switching does not break the UI (1.7s)
  Γ£ô   52 [chromium] ΓÇ║ e2e\forgot-username.spec.ts:110:5 ΓÇ║ Auth Widget ΓÇö Forgot Username ΓÇ║ Rendering ΓÇ║ submit button is disabled when email is empty (1.7s)
  Γ£ô   47 [chromium] ΓÇ║ e2e\cross-form-navigation.spec.ts:210:3 ΓÇ║ Cross-Form Navigation ΓÇö Multi-step Sequences ΓÇ║ Login ΓåÆ Reset Password ΓåÆ Back ΓåÆ Forgot Username ΓåÆ Back (5.9s)
  Γ£ô   53 [chromium] ΓÇ║ e2e\forgot-username.spec.ts:115:5 ΓÇ║ Auth Widget ΓÇö Forgot Username ΓÇ║ Rendering ΓÇ║ shows Forgot Email? section with support link (927ms)
  Γ£ô   48 [chromium] ΓÇ║ e2e\cross-form-navigation.spec.ts:230:3 ΓÇ║ Cross-Form Navigation ΓÇö Multi-step Sequences ΓÇ║ Login ΓåÆ Create Account ΓåÆ Sign In ΓåÆ Reset Password ΓåÆ Back (5.6s)
  Γ£ô   51 [chromium] ΓÇ║ e2e\forgot-username.spec.ts:97:5 ΓÇ║ Auth Widget ΓÇö Forgot Username ΓÇ║ Rendering ΓÇ║ renders form controls (5.4s)
  Γ£ô   54 [chromium] ΓÇ║ e2e\forgot-username.spec.ts:129:5 ΓÇ║ Auth Widget ΓÇö Forgot Username ΓÇ║ Email Validation ΓÇ║ shows verified icon when registered email is entered (6.9s)
  Γ£ô   55 [chromium] ΓÇ║ e2e\forgot-username.spec.ts:137:5 ΓÇ║ Auth Widget ΓÇö Forgot Username ΓÇ║ Email Validation ΓÇ║ shows info banner when email is not registered (7.0s)
  Γ£ô   56 [chromium] ΓÇ║ e2e\forgot-username.spec.ts:147:5 ΓÇ║ Auth Widget ΓÇö Forgot Username ΓÇ║ Email Validation ΓÇ║ submit button enabled only when email exists (6.2s)
  Γ£ô   57 [chromium] ΓÇ║ e2e\forgot-username.spec.ts:156:5 ΓÇ║ Auth Widget ΓÇö Forgot Username ΓÇ║ Email Validation ΓÇ║ submit button stays disabled for invalid email format (5.5s)
  Γ£ô   61 [chromium] ΓÇ║ e2e\forgot-username.spec.ts:219:5 ΓÇ║ Auth Widget ΓÇö Forgot Username ΓÇ║ Failed Submit ΓÇ║ shows error when account is not found (404) (3.0s)
  Γ£ô   58 [chromium] ΓÇ║ e2e\forgot-username.spec.ts:169:5 ΓÇ║ Auth Widget ΓÇö Forgot Username ΓÇ║ Successful Submit ΓÇ║ sends verification link and shows success screen (9.5s)
  Γ£ô   60 [chromium] ΓÇ║ e2e\forgot-username.spec.ts:201:5 ΓÇ║ Auth Widget ΓÇö Forgot Username ΓÇ║ Successful Submit ΓÇ║ shows loading spinner while API is in-flight (12.3s)
  Γ£ô   59 [chromium] ΓÇ║ e2e\forgot-username.spec.ts:185:5 ΓÇ║ Auth Widget ΓÇö Forgot Username ΓÇ║ Successful Submit ΓÇ║ success screen displays the submitted email (13.0s)
  Γ£ô   62 [chromium] ΓÇ║ e2e\forgot-username.spec.ts:233:5 ΓÇ║ Auth Widget ΓÇö Forgot Username ΓÇ║ Failed Submit ΓÇ║ shows error when server returns 500 (14.5s)
  Γ£ô   66 [chromium] ΓÇ║ e2e\forgot-username.spec.ts:297:5 ΓÇ║ Auth Widget ΓÇö Forgot Username ΓÇ║ Success Screen ΓÇ║ resend button is initially disabled (cooldown active) (3.7s)
  Γ£ô   63 [chromium] ΓÇ║ e2e\forgot-username.spec.ts:247:5 ΓÇ║ Auth Widget ΓÇö Forgot Username ΓÇ║ Failed Submit ΓÇ║ error banner shows 'Want to sign in instead?' action (13.9s)
  Γ£ô   65 [chromium] ΓÇ║ e2e\forgot-username.spec.ts:292:5 ΓÇ║ Auth Widget ΓÇö Forgot Username ΓÇ║ Success Screen ΓÇ║ resend button is present on success screen (11.3s)
  Γ£ô   64 [chromium] ΓÇ║ e2e\forgot-username.spec.ts:261:5 ΓÇ║ Auth Widget ΓÇö Forgot Username ΓÇ║ Failed Submit ΓÇ║ clicking 'Want to sign in instead?' returns to login (12.9s)
  Γ£ô   69 [chromium] ΓÇ║ e2e\forgot-username.spec.ts:319:5 ΓÇ║ Auth Widget ΓÇö Forgot Username ΓÇ║ Navigation ΓÇ║ back to login link returns to login form (1.7s)
  Γ£ô   68 [chromium] ΓÇ║ e2e\forgot-username.spec.ts:307:5 ΓÇ║ Auth Widget ΓÇö Forgot Username ΓÇ║ Success Screen ΓÇ║ back to sign in button returns to login form (5.4s)
  Γ£ô   67 [chromium] ΓÇ║ e2e\forgot-username.spec.ts:302:5 ΓÇ║ Auth Widget ΓÇö Forgot Username ΓÇ║ Success Screen ΓÇ║ shows cooldown message after submitting (6.0s)
  Γ£ô   73 [chromium] ΓÇ║ e2e\forgot-username.spec.ts:362:5 ΓÇ║ Auth Widget ΓÇö Forgot Username ΓÇ║ Brand Configuration Error ΓÇ║ shows error banner and disables submit when brand data is missing (3.5s)
  Γ£ô   70 [chromium] ΓÇ║ e2e\forgot-username.spec.ts:328:5 ΓÇ║ Auth Widget ΓÇö Forgot Username ΓÇ║ Navigation ΓÇ║ close button is clickable and leaves form in clean state (9.0s)
  Γ£ô   75 [chromium] ΓÇ║ e2e\login.spec.ts:72:5 ΓÇ║ Auth Widget ΓÇö Login Form ΓÇ║ Rendering ΓÇ║ renders login form controls (2.0s)
  Γ£ô   71 [chromium] ΓÇ║ e2e\forgot-username.spec.ts:336:5 ΓÇ║ Auth Widget ΓÇö Forgot Username ΓÇ║ Navigation ΓÇ║ Escape key is handled and form remains fully usable (13.5s)
  Γ£ô   77 [chromium] ΓÇ║ e2e\login.spec.ts:92:5 ΓÇ║ Auth Widget ΓÇö Login Form ΓÇ║ Rendering ΓÇ║ submit button becomes enabled after typing an email (3.9s)
  Γ£ô   72 [chromium] ΓÇ║ e2e\forgot-username.spec.ts:344:5 ΓÇ║ Auth Widget ΓÇö Forgot Username ΓÇ║ Navigation ΓÇ║ pre-fills email from login form (16.3s)
  Γ£ô   74 [chromium] ΓÇ║ e2e\forgot-username.spec.ts:381:5 ΓÇ║ Auth Widget ΓÇö Forgot Username ΓÇ║ Brand Configuration Error ΓÇ║ does not call check-email API when brand data is missing (16.2s)
  Γ£ô   79 [chromium] ΓÇ║ e2e\login.spec.ts:103:5 ΓÇ║ Auth Widget ΓÇö Login Form ΓÇ║ Rendering ΓÇ║ remember me checkbox is unchecked by default (4.1s)
  Γ£ô   78 [chromium] ΓÇ║ e2e\login.spec.ts:98:5 ΓÇ║ Auth Widget ΓÇö Login Form ΓÇ║ Rendering ΓÇ║ password input is masked by default (10.5s)
  Γ£ô   76 [chromium] ΓÇ║ e2e\login.spec.ts:87:5 ΓÇ║ Auth Widget ΓÇö Login Form ΓÇ║ Rendering ΓÇ║ submit button is disabled when email is empty (18.0s)
  Γ£ô   81 [chromium] ΓÇ║ e2e\login.spec.ts:122:5 ΓÇ║ Auth Widget ΓÇö Login Form ΓÇ║ Password Visibility Toggle ΓÇ║ hides password when clicking hide-password button (6.4s)
  Γ£ô   84 [chromium] ΓÇ║ e2e\login.spec.ts:158:5 ΓÇ║ Auth Widget ΓÇö Login Form ΓÇ║ Email Validation ΓÇ║ shows verified icon when registered email is entered (7.7s)
  Γ£ô   82 [chromium] ΓÇ║ e2e\login.spec.ts:136:5 ΓÇ║ Auth Widget ΓÇö Login Form ΓÇ║ Caps Lock Warning ΓÇ║ shows caps lock warning on CapsLock keydown (9.9s)
  Γ£ô   80 [chromium] ΓÇ║ e2e\login.spec.ts:114:5 ΓÇ║ Auth Widget ΓÇö Login Form ΓÇ║ Password Visibility Toggle ΓÇ║ reveals password when clicking show-password button (19.0s)
  Γ£ô   83 [chromium] ΓÇ║ e2e\login.spec.ts:143:5 ΓÇ║ Auth Widget ΓÇö Login Form ΓÇ║ Caps Lock Warning ΓÇ║ hides caps lock warning on second CapsLock keydown (14.8s)
  Γ£ô   85 [chromium] ΓÇ║ e2e\login.spec.ts:167:5 ΓÇ║ Auth Widget ΓÇö Login Form ΓÇ║ Email Validation ΓÇ║ shows info banner when email is not registered (15.6s)
  Γ£ô   88 [chromium] ΓÇ║ e2e\login.spec.ts:200:5 ΓÇ║ Auth Widget ΓÇö Login Form ΓÇ║ Successful Login ΓÇ║ submits login with mocked auth API and stores tokens (8.8s)
  Γ£ô   87 [chromium] ΓÇ║ e2e\login.spec.ts:185:5 ΓÇ║ Auth Widget ΓÇö Login Form ΓÇ║ Email Validation ΓÇ║ navigates to create account when clicking banner action (18.0s)
  Γ£ô   86 [chromium] ΓÇ║ e2e\login.spec.ts:177:5 ΓÇ║ Auth Widget ΓÇö Login Form ΓÇ║ Email Validation ΓÇ║ allows login with username (no @ symbol) without email check (20.8s)
  Γ£ô   91 [chromium] ΓÇ║ e2e\login.spec.ts:249:5 ΓÇ║ Auth Widget ΓÇö Login Form ΓÇ║ Successful Login ΓÇ║ shows loading spinner while login API is in-flight (3.9s)
  Γ£ô   90 [chromium] ΓÇ║ e2e\login.spec.ts:230:5 ΓÇ║ Auth Widget ΓÇö Login Form ΓÇ║ Successful Login ΓÇ║ does NOT store remember-me flag in localStorage when remember me is unchecked (16.9s)
